// Jest Snapshot v1, https://goo.gl/fbAQLP

exports[`DigimonCard Snapshots matches the snapshot 1`] = `
<DocumentFragment>
  <div
    class="card bg-cyan-950 shadow-xl"
  >
    <figure>
      <img
        alt="Agumon"
        height="400"
        src="/path/to/agumon.png"
        width="400"
      />
    </figure>
    <div
      class="card-body"
    >
      <h2
        class="card-title mx-auto text-accent text-xl"
      >
        Agumon
      </h2>
      <p
        class="text-center text-white"
      >
        Level: 
        <span
          class="text-accent font-medium"
        >
          Champion
        </span>
      </p>
    </div>
  </div>
</DocumentFragment>
`;
